// 重构日志: b1f3f30f
// 重构日志: 8dc59055
// 重构日志: 7fbbc064
// 重构日志: c05a9e8e
// 重构日志: 113f5201
// 重构日志: 4f6d4f62
// 重构日志: 1c8317ce
// 重构日志: 79357c46
// 同步 ID: f2b1aa1f @ Sat Jul 18 00:25:49 UTC 2026
// 同步 ID: 0441e1c3 @ Thu Jul 23 16:17:38 UTC 2026
// 重构日志: b4771609
// 同步 ID: cb771aa0 @ Sat Jul 25 11:39:37 UTC 2026
// 重构日志: f03f0a5a
// 重构日志: 0ffc2fe5
// 同步 ID: ceebe201 @ Sun Jul 26 15:42:44 UTC 2026
// 重构日志: ae87f8e3
// 同步 ID: 343b29b3 @ Thu Jul 30 13:06:12 UTC 2026
// 同步 ID: cba53871 @ Fri Jul 31 01:56:12 UTC 2026
// 重构日志: 3ae9a15b
// 重构日志: 65692030
// 同步 ID: ec130cc9 @ Sat Aug  1 12:34:12 UTC 2026
// 重构日志: a2326fae
// 同步 ID: 8a530ee0 @ Sat Aug  1 18:52:13 UTC 2026
// 重构日志: 15771229
// 重构日志: eab1346c
// 同步 ID: acb92d9b @ Sun Aug  2 08:30:08 UTC 2026
// 重构日志: a43382a9
// 重构日志: 36457019
// 同步 ID: ae21e21f @ Sun Aug  2 21:00:58 UTC 2026
// 同步 ID: 04833748 @ Mon Aug  3 13:08:23 UTC 2026
